<PlantLife.AppCoordinator>, state: appearing, view: <UIView>
   | <PlantLife.MyPlantsCoordinator>, state: appearing, view: <UIView>